Consolidate compiler generated dependencies of target canopen_motor_driver
[ 20%] Built target canopen_motor_driver
Consolidate compiler generated dependencies of target set_encoder_zero
Consolidate compiler generated dependencies of target set_position_limit
Consolidate compiler generated dependencies of target arm_node
Consolidate compiler generated dependencies of target arm_motor_node
[ 50%] Built target set_position_limit
[ 60%] Built target set_encoder_zero
[ 70%] Building CXX object CMakeFiles/arm_node.dir/src/arm_node.cpp.o
[ 90%] Built target arm_motor_node
[100%] Linking CXX executable arm_node
[100%] Built target arm_node
-- Install configuration: ""
-- Up-to-date: /home/qwe/E7009_ws/src/E7009/robot_arm/robot_arm_driver/install/robot_arm_driver/lib/robot_arm_driver/arm_motor_node
-- Installing: /home/qwe/E7009_ws/src/E7009/robot_arm/robot_arm_driver/install/robot_arm_driver/lib/robot_arm_driver/arm_node
-- Set runtime path of "/home/qwe/E7009_ws/src/E7009/robot_arm/robot_arm_driver/install/robot_arm_driver/lib/robot_arm_driver/arm_node" to ""
-- Up-to-date: /home/qwe/E7009_ws/src/E7009/robot_arm/robot_arm_driver/install/robot_arm_driver/lib/robot_arm_driver/set_encoder_zero
-- Up-to-date: /home/qwe/E7009_ws/src/E7009/robot_arm/robot_arm_driver/install/robot_arm_driver/lib/robot_arm_driver/set_position_limit
-- Up-to-date: /home/qwe/E7009_ws/src/E7009/robot_arm/robot_arm_driver/install/robot_arm_driver/lib/robot_arm_driver/motor_test_gui
-- Up-to-date: /home/qwe/E7009_ws/src/E7009/robot_arm/robot_arm_driver/install/robot_arm_driver/lib/robot_arm_driver/motor_state_control_gui
-- Up-to-date: /home/qwe/E7009_ws/src/E7009/robot_arm/robot_arm_driver/install/robot_arm_driver/share/robot_arm_driver/config
-- Up-to-date: /home/qwe/E7009_ws/src/E7009/robot_arm/robot_arm_driver/install/robot_arm_driver/share/robot_arm_driver/config/motors.yaml
-- Up-to-date: /home/qwe/E7009_ws/src/E7009/robot_arm/robot_arm_driver/install/robot_arm_driver/share/robot_arm_driver/config/arm.yaml
-- Up-to-date: /home/qwe/E7009_ws/src/E7009/robot_arm/robot_arm_driver/install/robot_arm_driver/share/ament_index/resource_index/package_run_dependencies/robot_arm_driver
-- Up-to-date: /home/qwe/E7009_ws/src/E7009/robot_arm/robot_arm_driver/install/robot_arm_driver/share/ament_index/resource_index/parent_prefix_path/robot_arm_driver
-- Up-to-date: /home/qwe/E7009_ws/src/E7009/robot_arm/robot_arm_driver/install/robot_arm_driver/share/robot_arm_driver/environment/ament_prefix_path.sh
-- Up-to-date: /home/qwe/E7009_ws/src/E7009/robot_arm/robot_arm_driver/install/robot_arm_driver/share/robot_arm_driver/environment/ament_prefix_path.dsv
-- Up-to-date: /home/qwe/E7009_ws/src/E7009/robot_arm/robot_arm_driver/install/robot_arm_driver/share/robot_arm_driver/environment/path.sh
-- Up-to-date: /home/qwe/E7009_ws/src/E7009/robot_arm/robot_arm_driver/install/robot_arm_driver/share/robot_arm_driver/environment/path.dsv
-- Up-to-date: /home/qwe/E7009_ws/src/E7009/robot_arm/robot_arm_driver/install/robot_arm_driver/share/robot_arm_driver/local_setup.bash
-- Up-to-date: /home/qwe/E7009_ws/src/E7009/robot_arm/robot_arm_driver/install/robot_arm_driver/share/robot_arm_driver/local_setup.sh
-- Up-to-date: /home/qwe/E7009_ws/src/E7009/robot_arm/robot_arm_driver/install/robot_arm_driver/share/robot_arm_driver/local_setup.zsh
-- Up-to-date: /home/qwe/E7009_ws/src/E7009/robot_arm/robot_arm_driver/install/robot_arm_driver/share/robot_arm_driver/local_setup.dsv
-- Installing: /home/qwe/E7009_ws/src/E7009/robot_arm/robot_arm_driver/install/robot_arm_driver/share/robot_arm_driver/package.dsv
-- Up-to-date: /home/qwe/E7009_ws/src/E7009/robot_arm/robot_arm_driver/install/robot_arm_driver/share/ament_index/resource_index/packages/robot_arm_driver
-- Up-to-date: /home/qwe/E7009_ws/src/E7009/robot_arm/robot_arm_driver/install/robot_arm_driver/share/robot_arm_driver/cmake/robot_arm_driverConfig.cmake
-- Up-to-date: /home/qwe/E7009_ws/src/E7009/robot_arm/robot_arm_driver/install/robot_arm_driver/share/robot_arm_driver/cmake/robot_arm_driverConfig-version.cmake
-- Up-to-date: /home/qwe/E7009_ws/src/E7009/robot_arm/robot_arm_driver/install/robot_arm_driver/share/robot_arm_driver/package.xml
