[0.005s] Invoking command in '/home/qwe/E7009_ws/src/E7009/robot_arm/robot_arm_driver/build/robot_arm_driver': CMAKE_PREFIX_PATH=/opt/ros/humble /usr/bin/cmake --build /home/qwe/E7009_ws/src/E7009/robot_arm/robot_arm_driver/build/robot_arm_driver -- -j24 -l24
[0.031s] Consolidate compiler generated dependencies of target canopen_motor_driver
[0.037s] [ 20%] Built target canopen_motor_driver
[0.045s] Consolidate compiler generated dependencies of target set_encoder_zero
[0.045s] Consolidate compiler generated dependencies of target set_position_limit
[0.047s] Consolidate compiler generated dependencies of target arm_node
[0.049s] Consolidate compiler generated dependencies of target arm_motor_node
[0.052s] [ 50%] Built target set_position_limit
[0.052s] [ 60%] Built target set_encoder_zero
[0.055s] [ 70%] Building CXX object CMakeFiles/arm_node.dir/src/arm_node.cpp.o
[0.057s] [ 90%] Built target arm_motor_node
[4.933s] [100%] Linking CXX executable arm_node
[5.199s] [100%] Built target arm_node
[5.208s] Invoked command in '/home/qwe/E7009_ws/src/E7009/robot_arm/robot_arm_driver/build/robot_arm_driver' returned '0': CMAKE_PREFIX_PATH=/opt/ros/humble /usr/bin/cmake --build /home/qwe/E7009_ws/src/E7009/robot_arm/robot_arm_driver/build/robot_arm_driver -- -j24 -l24
[5.213s] Invoking command in '/home/qwe/E7009_ws/src/E7009/robot_arm/robot_arm_driver/build/robot_arm_driver': CMAKE_PREFIX_PATH=/opt/ros/humble /usr/bin/cmake --install /home/qwe/E7009_ws/src/E7009/robot_arm/robot_arm_driver/build/robot_arm_driver
[5.217s] -- Install configuration: ""
[5.217s] -- Up-to-date: /home/qwe/E7009_ws/src/E7009/robot_arm/robot_arm_driver/install/robot_arm_driver/lib/robot_arm_driver/arm_motor_node
[5.217s] -- Installing: /home/qwe/E7009_ws/src/E7009/robot_arm/robot_arm_driver/install/robot_arm_driver/lib/robot_arm_driver/arm_node
[5.219s] -- Set runtime path of "/home/qwe/E7009_ws/src/E7009/robot_arm/robot_arm_driver/install/robot_arm_driver/lib/robot_arm_driver/arm_node" to ""
[5.219s] -- Up-to-date: /home/qwe/E7009_ws/src/E7009/robot_arm/robot_arm_driver/install/robot_arm_driver/lib/robot_arm_driver/set_encoder_zero
[5.220s] -- Up-to-date: /home/qwe/E7009_ws/src/E7009/robot_arm/robot_arm_driver/install/robot_arm_driver/lib/robot_arm_driver/set_position_limit
[5.220s] -- Up-to-date: /home/qwe/E7009_ws/src/E7009/robot_arm/robot_arm_driver/install/robot_arm_driver/lib/robot_arm_driver/motor_test_gui
[5.220s] -- Up-to-date: /home/qwe/E7009_ws/src/E7009/robot_arm/robot_arm_driver/install/robot_arm_driver/lib/robot_arm_driver/motor_state_control_gui
[5.220s] -- Up-to-date: /home/qwe/E7009_ws/src/E7009/robot_arm/robot_arm_driver/install/robot_arm_driver/share/robot_arm_driver/config
[5.220s] -- Up-to-date: /home/qwe/E7009_ws/src/E7009/robot_arm/robot_arm_driver/install/robot_arm_driver/share/robot_arm_driver/config/motors.yaml
[5.220s] -- Up-to-date: /home/qwe/E7009_ws/src/E7009/robot_arm/robot_arm_driver/install/robot_arm_driver/share/robot_arm_driver/config/arm.yaml
[5.220s] -- Up-to-date: /home/qwe/E7009_ws/src/E7009/robot_arm/robot_arm_driver/install/robot_arm_driver/share/ament_index/resource_index/package_run_dependencies/robot_arm_driver
[5.220s] -- Up-to-date: /home/qwe/E7009_ws/src/E7009/robot_arm/robot_arm_driver/install/robot_arm_driver/share/ament_index/resource_index/parent_prefix_path/robot_arm_driver
[5.220s] -- Up-to-date: /home/qwe/E7009_ws/src/E7009/robot_arm/robot_arm_driver/install/robot_arm_driver/share/robot_arm_driver/environment/ament_prefix_path.sh
[5.220s] -- Up-to-date: /home/qwe/E7009_ws/src/E7009/robot_arm/robot_arm_driver/install/robot_arm_driver/share/robot_arm_driver/environment/ament_prefix_path.dsv
[5.220s] -- Up-to-date: /home/qwe/E7009_ws/src/E7009/robot_arm/robot_arm_driver/install/robot_arm_driver/share/robot_arm_driver/environment/path.sh
[5.220s] -- Up-to-date: /home/qwe/E7009_ws/src/E7009/robot_arm/robot_arm_driver/install/robot_arm_driver/share/robot_arm_driver/environment/path.dsv
[5.220s] -- Up-to-date: /home/qwe/E7009_ws/src/E7009/robot_arm/robot_arm_driver/install/robot_arm_driver/share/robot_arm_driver/local_setup.bash
[5.220s] -- Up-to-date: /home/qwe/E7009_ws/src/E7009/robot_arm/robot_arm_driver/install/robot_arm_driver/share/robot_arm_driver/local_setup.sh
[5.220s] -- Up-to-date: /home/qwe/E7009_ws/src/E7009/robot_arm/robot_arm_driver/install/robot_arm_driver/share/robot_arm_driver/local_setup.zsh
[5.220s] -- Up-to-date: /home/qwe/E7009_ws/src/E7009/robot_arm/robot_arm_driver/install/robot_arm_driver/share/robot_arm_driver/local_setup.dsv
[5.220s] -- Installing: /home/qwe/E7009_ws/src/E7009/robot_arm/robot_arm_driver/install/robot_arm_driver/share/robot_arm_driver/package.dsv
[5.220s] -- Up-to-date: /home/qwe/E7009_ws/src/E7009/robot_arm/robot_arm_driver/install/robot_arm_driver/share/ament_index/resource_index/packages/robot_arm_driver
[5.220s] -- Up-to-date: /home/qwe/E7009_ws/src/E7009/robot_arm/robot_arm_driver/install/robot_arm_driver/share/robot_arm_driver/cmake/robot_arm_driverConfig.cmake
[5.220s] -- Up-to-date: /home/qwe/E7009_ws/src/E7009/robot_arm/robot_arm_driver/install/robot_arm_driver/share/robot_arm_driver/cmake/robot_arm_driverConfig-version.cmake
[5.220s] -- Up-to-date: /home/qwe/E7009_ws/src/E7009/robot_arm/robot_arm_driver/install/robot_arm_driver/share/robot_arm_driver/package.xml
[5.222s] Invoked command in '/home/qwe/E7009_ws/src/E7009/robot_arm/robot_arm_driver/build/robot_arm_driver' returned '0': CMAKE_PREFIX_PATH=/opt/ros/humble /usr/bin/cmake --install /home/qwe/E7009_ws/src/E7009/robot_arm/robot_arm_driver/build/robot_arm_driver
