[0.048s] DEBUG:colcon:Command line arguments: ['/usr/bin/colcon', 'build', '--packages-select', 'robot_arm_driver']
[0.048s] DEBUG:colcon:Parsed command line arguments: Namespace(log_base=None, log_level=None, verb_name='build', build_base='build', install_base='install', merge_install=False, symlink_install=False, test_result_base=None, continue_on_error=False, executor='parallel', parallel_workers=24, event_handlers=None, ignore_user_meta=False, metas=['./colcon.meta'], base_paths=['.'], packages_ignore=None, packages_ignore_regex=None, paths=None, packages_up_to=None, packages_up_to_regex=None, packages_above=None, packages_above_and_dependencies=None, packages_above_depth=None, packages_select_by_dep=None, packages_skip_by_dep=None, packages_skip_up_to=None, packages_select_build_failed=False, packages_skip_build_finished=False, packages_select_test_failures=False, packages_skip_test_passed=False, packages_select=['robot_arm_driver'], packages_skip=None, packages_select_regex=None, packages_skip_regex=None, packages_start=None, packages_end=None, allow_overriding=[], cmake_args=None, cmake_target=None, cmake_target_skip_unavailable=False, cmake_clean_cache=False, cmake_clean_first=False, cmake_force_configure=False, ament_cmake_args=None, catkin_cmake_args=None, catkin_skip_building_tests=False, verb_parser=<colcon_defaults.argument_parser.defaults.DefaultArgumentsDecorator object at 0x792205f012d0>, verb_extension=<colcon_core.verb.build.BuildVerb object at 0x792205f00e20>, main=<bound method BuildVerb.main of <colcon_core.verb.build.BuildVerb object at 0x792205f00e20>>)
[0.115s] Level 1:colcon.colcon_core.package_discovery:discover_packages(colcon_meta) check parameters
[0.115s] Level 1:colcon.colcon_core.package_discovery:discover_packages(recursive) check parameters
[0.115s] Level 1:colcon.colcon_core.package_discovery:discover_packages(ignore) check parameters
[0.115s] Level 1:colcon.colcon_core.package_discovery:discover_packages(path) check parameters
[0.115s] Level 1:colcon.colcon_core.package_discovery:discover_packages(colcon_meta) discover
[0.115s] Level 1:colcon.colcon_core.package_discovery:discover_packages(recursive) discover
[0.115s] INFO:colcon.colcon_core.package_discovery:Crawling recursively for packages in '/home/qwe/E7009_ws/src/E7009/robot_arm/robot_arm_driver'
[0.115s] Level 1:colcon.colcon_core.package_identification:_identify(.) by extensions ['ignore', 'ignore_ament_install']
[0.116s] Level 1:colcon.colcon_core.package_identification:_identify(.) by extension 'ignore'
[0.116s] Level 1:colcon.colcon_core.package_identification:_identify(.) by extension 'ignore_ament_install'
[0.116s] Level 1:colcon.colcon_core.package_identification:_identify(.) by extensions ['colcon_pkg']
[0.116s] Level 1:colcon.colcon_core.package_identification:_identify(.) by extension 'colcon_pkg'
[0.116s] Level 1:colcon.colcon_core.package_identification:_identify(.) by extensions ['colcon_meta']
[0.116s] Level 1:colcon.colcon_core.package_identification:_identify(.) by extension 'colcon_meta'
[0.116s] Level 1:colcon.colcon_core.package_identification:_identify(.) by extensions ['ros']
[0.116s] Level 1:colcon.colcon_core.package_identification:_identify(.) by extension 'ros'
[0.122s] DEBUG:colcon.colcon_core.package_identification:Package '.' with type 'ros.ament_cmake' and name 'robot_arm_driver'
[0.122s] Level 1:colcon.colcon_core.package_discovery:discover_packages(recursive) using defaults
[0.122s] Level 1:colcon.colcon_core.package_discovery:discover_packages(ignore) discover
[0.122s] Level 1:colcon.colcon_core.package_discovery:discover_packages(ignore) using defaults
[0.122s] Level 1:colcon.colcon_core.package_discovery:discover_packages(path) discover
[0.122s] Level 1:colcon.colcon_core.package_discovery:discover_packages(path) using defaults
[0.137s] Level 1:colcon.colcon_core.package_discovery:discover_packages(prefix_path) check parameters
[0.137s] Level 1:colcon.colcon_core.package_discovery:discover_packages(prefix_path) discover
[0.138s] DEBUG:colcon.colcon_installed_package_information.package_discovery:Found 461 installed packages in /opt/ros/humble
[0.139s] Level 1:colcon.colcon_core.package_discovery:discover_packages(prefix_path) using defaults
[0.159s] Level 5:colcon.colcon_core.verb:set package 'robot_arm_driver' build argument 'cmake_args' from command line to 'None'
[0.159s] Level 5:colcon.colcon_core.verb:set package 'robot_arm_driver' build argument 'cmake_target' from command line to 'None'
[0.159s] Level 5:colcon.colcon_core.verb:set package 'robot_arm_driver' build argument 'cmake_target_skip_unavailable' from command line to 'False'
[0.159s] Level 5:colcon.colcon_core.verb:set package 'robot_arm_driver' build argument 'cmake_clean_cache' from command line to 'False'
[0.159s] Level 5:colcon.colcon_core.verb:set package 'robot_arm_driver' build argument 'cmake_clean_first' from command line to 'False'
[0.159s] Level 5:colcon.colcon_core.verb:set package 'robot_arm_driver' build argument 'cmake_force_configure' from command line to 'False'
[0.159s] Level 5:colcon.colcon_core.verb:set package 'robot_arm_driver' build argument 'ament_cmake_args' from command line to 'None'
[0.159s] Level 5:colcon.colcon_core.verb:set package 'robot_arm_driver' build argument 'catkin_cmake_args' from command line to 'None'
[0.159s] Level 5:colcon.colcon_core.verb:set package 'robot_arm_driver' build argument 'catkin_skip_building_tests' from command line to 'False'
[0.159s] DEBUG:colcon.colcon_core.verb:Building package 'robot_arm_driver' with the following arguments: {'ament_cmake_args': None, 'build_base': '/home/qwe/E7009_ws/src/E7009/robot_arm/robot_arm_driver/build/robot_arm_driver', 'catkin_cmake_args': None, 'catkin_skip_building_tests': False, 'cmake_args': None, 'cmake_clean_cache': False, 'cmake_clean_first': False, 'cmake_force_configure': False, 'cmake_target': None, 'cmake_target_skip_unavailable': False, 'install_base': '/home/qwe/E7009_ws/src/E7009/robot_arm/robot_arm_driver/install/robot_arm_driver', 'merge_install': False, 'path': '/home/qwe/E7009_ws/src/E7009/robot_arm/robot_arm_driver', 'symlink_install': False, 'test_result_base': None}
[0.159s] INFO:colcon.colcon_core.executor:Executing jobs using 'parallel' executor
[0.160s] DEBUG:colcon.colcon_parallel_executor.executor.parallel:run_until_complete
[0.160s] INFO:colcon.colcon_ros.task.ament_cmake.build:Building ROS package in '/home/qwe/E7009_ws/src/E7009/robot_arm/robot_arm_driver' with build type 'ament_cmake'
[0.160s] INFO:colcon.colcon_cmake.task.cmake.build:Building CMake package in '/home/qwe/E7009_ws/src/E7009/robot_arm/robot_arm_driver'
[0.161s] INFO:colcon.colcon_core.plugin_system:Skipping extension 'colcon_core.shell.bat': Not used on non-Windows systems
[0.161s] INFO:colcon.colcon_core.shell:Skip shell extension 'powershell' for command environment: Not usable outside of PowerShell
[0.161s] DEBUG:colcon.colcon_core.shell:Skip shell extension 'dsv' for command environment
[0.166s] DEBUG:colcon.colcon_core.event_handler.log_command:Invoking command in '/home/qwe/E7009_ws/src/E7009/robot_arm/robot_arm_driver/build/robot_arm_driver': CMAKE_PREFIX_PATH=/opt/ros/humble /usr/bin/cmake --build /home/qwe/E7009_ws/src/E7009/robot_arm/robot_arm_driver/build/robot_arm_driver -- -j24 -l24
[5.368s] DEBUG:colcon.colcon_core.event_handler.log_command:Invoked command in '/home/qwe/E7009_ws/src/E7009/robot_arm/robot_arm_driver/build/robot_arm_driver' returned '0': CMAKE_PREFIX_PATH=/opt/ros/humble /usr/bin/cmake --build /home/qwe/E7009_ws/src/E7009/robot_arm/robot_arm_driver/build/robot_arm_driver -- -j24 -l24
[5.373s] DEBUG:colcon.colcon_core.event_handler.log_command:Invoking command in '/home/qwe/E7009_ws/src/E7009/robot_arm/robot_arm_driver/build/robot_arm_driver': CMAKE_PREFIX_PATH=/opt/ros/humble /usr/bin/cmake --install /home/qwe/E7009_ws/src/E7009/robot_arm/robot_arm_driver/build/robot_arm_driver
[5.381s] Level 1:colcon.colcon_core.environment:create_environment_scripts_only(robot_arm_driver)
[5.382s] DEBUG:colcon.colcon_core.event_handler.log_command:Invoked command in '/home/qwe/E7009_ws/src/E7009/robot_arm/robot_arm_driver/build/robot_arm_driver' returned '0': CMAKE_PREFIX_PATH=/opt/ros/humble /usr/bin/cmake --install /home/qwe/E7009_ws/src/E7009/robot_arm/robot_arm_driver/build/robot_arm_driver
[5.383s] Level 1:colcon.colcon_core.environment:checking '/home/qwe/E7009_ws/src/E7009/robot_arm/robot_arm_driver/install/robot_arm_driver' for CMake module files
[5.383s] Level 1:colcon.colcon_core.environment:checking '/home/qwe/E7009_ws/src/E7009/robot_arm/robot_arm_driver/install/robot_arm_driver' for CMake config files
[5.383s] Level 1:colcon.colcon_core.shell:create_environment_hook('robot_arm_driver', 'cmake_prefix_path')
[5.384s] INFO:colcon.colcon_core.shell:Creating environment hook '/home/qwe/E7009_ws/src/E7009/robot_arm/robot_arm_driver/install/robot_arm_driver/share/robot_arm_driver/hook/cmake_prefix_path.ps1'
[5.384s] INFO:colcon.colcon_core.shell:Creating environment descriptor '/home/qwe/E7009_ws/src/E7009/robot_arm/robot_arm_driver/install/robot_arm_driver/share/robot_arm_driver/hook/cmake_prefix_path.dsv'
[5.384s] INFO:colcon.colcon_core.shell:Creating environment hook '/home/qwe/E7009_ws/src/E7009/robot_arm/robot_arm_driver/install/robot_arm_driver/share/robot_arm_driver/hook/cmake_prefix_path.sh'
[5.384s] Level 1:colcon.colcon_core.environment:checking '/home/qwe/E7009_ws/src/E7009/robot_arm/robot_arm_driver/install/robot_arm_driver/lib'
[5.385s] Level 1:colcon.colcon_core.environment:checking '/home/qwe/E7009_ws/src/E7009/robot_arm/robot_arm_driver/install/robot_arm_driver/bin'
[5.385s] Level 1:colcon.colcon_core.environment:checking '/home/qwe/E7009_ws/src/E7009/robot_arm/robot_arm_driver/install/robot_arm_driver/lib/pkgconfig/robot_arm_driver.pc'
[5.385s] Level 1:colcon.colcon_core.environment:checking '/home/qwe/E7009_ws/src/E7009/robot_arm/robot_arm_driver/install/robot_arm_driver/lib/python3.10/site-packages'
[5.385s] Level 1:colcon.colcon_core.environment:checking '/home/qwe/E7009_ws/src/E7009/robot_arm/robot_arm_driver/install/robot_arm_driver/bin'
[5.385s] INFO:colcon.colcon_core.shell:Creating package script '/home/qwe/E7009_ws/src/E7009/robot_arm/robot_arm_driver/install/robot_arm_driver/share/robot_arm_driver/package.ps1'
[5.385s] INFO:colcon.colcon_core.shell:Creating package descriptor '/home/qwe/E7009_ws/src/E7009/robot_arm/robot_arm_driver/install/robot_arm_driver/share/robot_arm_driver/package.dsv'
[5.386s] INFO:colcon.colcon_core.shell:Creating package script '/home/qwe/E7009_ws/src/E7009/robot_arm/robot_arm_driver/install/robot_arm_driver/share/robot_arm_driver/package.sh'
[5.386s] INFO:colcon.colcon_core.shell:Creating package script '/home/qwe/E7009_ws/src/E7009/robot_arm/robot_arm_driver/install/robot_arm_driver/share/robot_arm_driver/package.bash'
[5.386s] INFO:colcon.colcon_core.shell:Creating package script '/home/qwe/E7009_ws/src/E7009/robot_arm/robot_arm_driver/install/robot_arm_driver/share/robot_arm_driver/package.zsh'
[5.386s] Level 1:colcon.colcon_core.environment:create_file_with_runtime_dependencies(/home/qwe/E7009_ws/src/E7009/robot_arm/robot_arm_driver/install/robot_arm_driver/share/colcon-core/packages/robot_arm_driver)
[5.387s] Level 1:colcon.colcon_core.environment:create_environment_scripts_only(robot_arm_driver)
[5.387s] Level 1:colcon.colcon_core.environment:checking '/home/qwe/E7009_ws/src/E7009/robot_arm/robot_arm_driver/install/robot_arm_driver' for CMake module files
[5.387s] Level 1:colcon.colcon_core.environment:checking '/home/qwe/E7009_ws/src/E7009/robot_arm/robot_arm_driver/install/robot_arm_driver' for CMake config files
[5.387s] Level 1:colcon.colcon_core.shell:create_environment_hook('robot_arm_driver', 'cmake_prefix_path')
[5.387s] INFO:colcon.colcon_core.shell:Creating environment hook '/home/qwe/E7009_ws/src/E7009/robot_arm/robot_arm_driver/install/robot_arm_driver/share/robot_arm_driver/hook/cmake_prefix_path.ps1'
[5.387s] INFO:colcon.colcon_core.shell:Creating environment descriptor '/home/qwe/E7009_ws/src/E7009/robot_arm/robot_arm_driver/install/robot_arm_driver/share/robot_arm_driver/hook/cmake_prefix_path.dsv'
[5.387s] INFO:colcon.colcon_core.shell:Creating environment hook '/home/qwe/E7009_ws/src/E7009/robot_arm/robot_arm_driver/install/robot_arm_driver/share/robot_arm_driver/hook/cmake_prefix_path.sh'
[5.387s] Level 1:colcon.colcon_core.environment:checking '/home/qwe/E7009_ws/src/E7009/robot_arm/robot_arm_driver/install/robot_arm_driver/lib'
[5.388s] Level 1:colcon.colcon_core.environment:checking '/home/qwe/E7009_ws/src/E7009/robot_arm/robot_arm_driver/install/robot_arm_driver/bin'
[5.388s] Level 1:colcon.colcon_core.environment:checking '/home/qwe/E7009_ws/src/E7009/robot_arm/robot_arm_driver/install/robot_arm_driver/lib/pkgconfig/robot_arm_driver.pc'
[5.388s] Level 1:colcon.colcon_core.environment:checking '/home/qwe/E7009_ws/src/E7009/robot_arm/robot_arm_driver/install/robot_arm_driver/lib/python3.10/site-packages'
[5.388s] Level 1:colcon.colcon_core.environment:checking '/home/qwe/E7009_ws/src/E7009/robot_arm/robot_arm_driver/install/robot_arm_driver/bin'
[5.388s] INFO:colcon.colcon_core.shell:Creating package script '/home/qwe/E7009_ws/src/E7009/robot_arm/robot_arm_driver/install/robot_arm_driver/share/robot_arm_driver/package.ps1'
[5.388s] INFO:colcon.colcon_core.shell:Creating package descriptor '/home/qwe/E7009_ws/src/E7009/robot_arm/robot_arm_driver/install/robot_arm_driver/share/robot_arm_driver/package.dsv'
[5.388s] INFO:colcon.colcon_core.shell:Creating package script '/home/qwe/E7009_ws/src/E7009/robot_arm/robot_arm_driver/install/robot_arm_driver/share/robot_arm_driver/package.sh'
[5.388s] INFO:colcon.colcon_core.shell:Creating package script '/home/qwe/E7009_ws/src/E7009/robot_arm/robot_arm_driver/install/robot_arm_driver/share/robot_arm_driver/package.bash'
[5.389s] INFO:colcon.colcon_core.shell:Creating package script '/home/qwe/E7009_ws/src/E7009/robot_arm/robot_arm_driver/install/robot_arm_driver/share/robot_arm_driver/package.zsh'
[5.389s] Level 1:colcon.colcon_core.environment:create_file_with_runtime_dependencies(/home/qwe/E7009_ws/src/E7009/robot_arm/robot_arm_driver/install/robot_arm_driver/share/colcon-core/packages/robot_arm_driver)
[5.389s] DEBUG:colcon.colcon_parallel_executor.executor.parallel:closing loop
[5.389s] DEBUG:colcon.colcon_parallel_executor.executor.parallel:loop closed
[5.389s] DEBUG:colcon.colcon_parallel_executor.executor.parallel:run_until_complete finished with '0'
[5.389s] DEBUG:colcon.colcon_core.event_reactor:joining thread
[5.391s] INFO:colcon.colcon_core.plugin_system:Skipping extension 'colcon_notification.desktop_notification.terminal_notifier': Not used on non-Darwin systems
[5.391s] INFO:colcon.colcon_core.plugin_system:Skipping extension 'colcon_notification.desktop_notification.win32': Not used on non-Windows systems
[5.391s] INFO:colcon.colcon_notification.desktop_notification:Sending desktop notification using 'notify2'
[5.400s] DEBUG:colcon.colcon_core.event_reactor:joined thread
[5.400s] INFO:colcon.colcon_core.shell:Creating prefix script '/home/qwe/E7009_ws/src/E7009/robot_arm/robot_arm_driver/install/local_setup.ps1'
[5.400s] INFO:colcon.colcon_core.shell:Creating prefix util module '/home/qwe/E7009_ws/src/E7009/robot_arm/robot_arm_driver/install/_local_setup_util_ps1.py'
[5.402s] INFO:colcon.colcon_core.shell:Creating prefix chain script '/home/qwe/E7009_ws/src/E7009/robot_arm/robot_arm_driver/install/setup.ps1'
[5.403s] INFO:colcon.colcon_core.shell:Creating prefix script '/home/qwe/E7009_ws/src/E7009/robot_arm/robot_arm_driver/install/local_setup.sh'
[5.403s] INFO:colcon.colcon_core.shell:Creating prefix util module '/home/qwe/E7009_ws/src/E7009/robot_arm/robot_arm_driver/install/_local_setup_util_sh.py'
[5.403s] INFO:colcon.colcon_core.shell:Creating prefix chain script '/home/qwe/E7009_ws/src/E7009/robot_arm/robot_arm_driver/install/setup.sh'
[5.404s] INFO:colcon.colcon_core.shell:Creating prefix script '/home/qwe/E7009_ws/src/E7009/robot_arm/robot_arm_driver/install/local_setup.bash'
[5.404s] INFO:colcon.colcon_core.shell:Creating prefix chain script '/home/qwe/E7009_ws/src/E7009/robot_arm/robot_arm_driver/install/setup.bash'
[5.404s] INFO:colcon.colcon_core.shell:Creating prefix script '/home/qwe/E7009_ws/src/E7009/robot_arm/robot_arm_driver/install/local_setup.zsh'
[5.404s] INFO:colcon.colcon_core.shell:Creating prefix chain script '/home/qwe/E7009_ws/src/E7009/robot_arm/robot_arm_driver/install/setup.zsh'
