-- The C compiler identification is GNU 11.4.0
-- The CXX compiler identification is GNU 11.4.0
-- Detecting C compiler ABI info
-- Detecting C compiler ABI info - done
-- Check for working C compiler: /usr/bin/cc - skipped
-- Detecting C compile features
-- Detecting C compile features - done
-- Detecting CXX compiler ABI info
-- Detecting CXX compiler ABI info - done
-- Check for working CXX compiler: /usr/bin/c++ - skipped
-- Detecting CXX compile features
-- Detecting CXX compile features - done
-- Found ament_cmake: 1.3.14 (/opt/ros/humble/share/ament_cmake/cmake)
-- Found Python3: /home/qwe/E7009_ws/.venv/bin/python3 (found version "3.10.12") found components: Interpreter 
-- Found rclcpp: 16.0.19 (/opt/ros/humble/share/rclcpp/cmake)
-- Found rosidl_generator_c: 3.1.8 (/opt/ros/humble/share/rosidl_generator_c/cmake)
-- Found rosidl_adapter: 3.1.8 (/opt/ros/humble/share/rosidl_adapter/cmake)
-- Found rosidl_generator_cpp: 3.1.8 (/opt/ros/humble/share/rosidl_generator_cpp/cmake)
-- Using all available rosidl_typesupport_c: rosidl_typesupport_fastrtps_c;rosidl_typesupport_introspection_c
-- Using all available rosidl_typesupport_cpp: rosidl_typesupport_fastrtps_cpp;rosidl_typesupport_introspection_cpp
-- Found rmw_implementation_cmake: 6.1.2 (/opt/ros/humble/share/rmw_implementation_cmake/cmake)
-- Found rmw_fastrtps_cpp: 6.2.10 (/opt/ros/humble/share/rmw_fastrtps_cpp/cmake)
-- Found OpenSSL: /usr/lib/x86_64-linux-gnu/libcrypto.so (found version "3.0.2")  
-- Found FastRTPS: /opt/ros/humble/include  
-- Using RMW implementation 'rmw_fastrtps_cpp' as default
-- Looking for pthread.h
-- Looking for pthread.h - found
-- Performing Test CMAKE_HAVE_LIBC_PTHREAD
-- Performing Test CMAKE_HAVE_LIBC_PTHREAD - Success
-- Found Threads: TRUE  
-- Found rclcpp_action: 16.0.19 (/opt/ros/humble/share/rclcpp_action/cmake)
-- Found std_srvs: 4.9.1 (/opt/ros/humble/share/std_srvs/cmake)
-- Found sensor_msgs: 4.9.1 (/opt/ros/humble/share/sensor_msgs/cmake)
-- Found diagnostic_msgs: 4.9.1 (/opt/ros/humble/share/diagnostic_msgs/cmake)
-- Found trajectory_msgs: 4.9.1 (/opt/ros/humble/share/trajectory_msgs/cmake)
-- Found control_msgs: 4.8.0 (/opt/ros/humble/share/control_msgs/cmake)
-- Configuring done
-- Generating done
-- Build files have been written to: /home/qwe/E7009_ws/src/E7009/robot_arm/robot_arm_driver/build/robot_arm_driver
[ 10%] Building CXX object CMakeFiles/canopen_motor_driver.dir/src/canopen_motor_driver.cpp.o
[ 20%] Linking CXX static library libcanopen_motor_driver.a
[ 20%] Built target canopen_motor_driver
[ 40%] Building CXX object CMakeFiles/arm_motor_node.dir/src/arm_motor_node.cpp.o
[ 40%] Building CXX object CMakeFiles/set_encoder_zero.dir/src/set_encoder_zero.cpp.o
[ 60%] Building CXX object CMakeFiles/arm_node.dir/src/arm_node.cpp.o
[ 60%] Building CXX object CMakeFiles/set_position_limit.dir/src/set_position_limit.cpp.o
[ 70%] Linking CXX executable set_encoder_zero
[ 80%] Linking CXX executable set_position_limit
[ 80%] Built target set_encoder_zero
[ 80%] Built target set_position_limit
[ 90%] Linking CXX executable arm_motor_node
[ 90%] Built target arm_motor_node
[100%] Linking CXX executable arm_node
[100%] Built target arm_node
-- Install configuration: ""
-- Installing: /home/qwe/E7009_ws/src/E7009/robot_arm/robot_arm_driver/install/robot_arm_driver/lib/robot_arm_driver/arm_motor_node
-- Set runtime path of "/home/qwe/E7009_ws/src/E7009/robot_arm/robot_arm_driver/install/robot_arm_driver/lib/robot_arm_driver/arm_motor_node" to ""
-- Installing: /home/qwe/E7009_ws/src/E7009/robot_arm/robot_arm_driver/install/robot_arm_driver/lib/robot_arm_driver/arm_node
-- Set runtime path of "/home/qwe/E7009_ws/src/E7009/robot_arm/robot_arm_driver/install/robot_arm_driver/lib/robot_arm_driver/arm_node" to ""
-- Installing: /home/qwe/E7009_ws/src/E7009/robot_arm/robot_arm_driver/install/robot_arm_driver/lib/robot_arm_driver/set_encoder_zero
-- Installing: /home/qwe/E7009_ws/src/E7009/robot_arm/robot_arm_driver/install/robot_arm_driver/lib/robot_arm_driver/set_position_limit
-- Installing: /home/qwe/E7009_ws/src/E7009/robot_arm/robot_arm_driver/install/robot_arm_driver/lib/robot_arm_driver/motor_test_gui
-- Installing: /home/qwe/E7009_ws/src/E7009/robot_arm/robot_arm_driver/install/robot_arm_driver/lib/robot_arm_driver/motor_state_control_gui
-- Installing: /home/qwe/E7009_ws/src/E7009/robot_arm/robot_arm_driver/install/robot_arm_driver/share/robot_arm_driver/config
-- Installing: /home/qwe/E7009_ws/src/E7009/robot_arm/robot_arm_driver/install/robot_arm_driver/share/robot_arm_driver/config/motors.yaml
-- Installing: /home/qwe/E7009_ws/src/E7009/robot_arm/robot_arm_driver/install/robot_arm_driver/share/robot_arm_driver/config/arm.yaml
-- Installing: /home/qwe/E7009_ws/src/E7009/robot_arm/robot_arm_driver/install/robot_arm_driver/share/ament_index/resource_index/package_run_dependencies/robot_arm_driver
-- Installing: /home/qwe/E7009_ws/src/E7009/robot_arm/robot_arm_driver/install/robot_arm_driver/share/ament_index/resource_index/parent_prefix_path/robot_arm_driver
-- Installing: /home/qwe/E7009_ws/src/E7009/robot_arm/robot_arm_driver/install/robot_arm_driver/share/robot_arm_driver/environment/ament_prefix_path.sh
-- Installing: /home/qwe/E7009_ws/src/E7009/robot_arm/robot_arm_driver/install/robot_arm_driver/share/robot_arm_driver/environment/ament_prefix_path.dsv
-- Installing: /home/qwe/E7009_ws/src/E7009/robot_arm/robot_arm_driver/install/robot_arm_driver/share/robot_arm_driver/environment/path.sh
-- Installing: /home/qwe/E7009_ws/src/E7009/robot_arm/robot_arm_driver/install/robot_arm_driver/share/robot_arm_driver/environment/path.dsv
-- Installing: /home/qwe/E7009_ws/src/E7009/robot_arm/robot_arm_driver/install/robot_arm_driver/share/robot_arm_driver/local_setup.bash
-- Installing: /home/qwe/E7009_ws/src/E7009/robot_arm/robot_arm_driver/install/robot_arm_driver/share/robot_arm_driver/local_setup.sh
-- Installing: /home/qwe/E7009_ws/src/E7009/robot_arm/robot_arm_driver/install/robot_arm_driver/share/robot_arm_driver/local_setup.zsh
-- Installing: /home/qwe/E7009_ws/src/E7009/robot_arm/robot_arm_driver/install/robot_arm_driver/share/robot_arm_driver/local_setup.dsv
-- Installing: /home/qwe/E7009_ws/src/E7009/robot_arm/robot_arm_driver/install/robot_arm_driver/share/robot_arm_driver/package.dsv
-- Installing: /home/qwe/E7009_ws/src/E7009/robot_arm/robot_arm_driver/install/robot_arm_driver/share/ament_index/resource_index/packages/robot_arm_driver
-- Installing: /home/qwe/E7009_ws/src/E7009/robot_arm/robot_arm_driver/install/robot_arm_driver/share/robot_arm_driver/cmake/robot_arm_driverConfig.cmake
-- Installing: /home/qwe/E7009_ws/src/E7009/robot_arm/robot_arm_driver/install/robot_arm_driver/share/robot_arm_driver/cmake/robot_arm_driverConfig-version.cmake
-- Installing: /home/qwe/E7009_ws/src/E7009/robot_arm/robot_arm_driver/install/robot_arm_driver/share/robot_arm_driver/package.xml
