[0.005s] Invoking command in '/home/qwe/E7009_ws/src/E7009/robot_arm/robot_arm_driver/build/robot_arm_driver': CMAKE_PREFIX_PATH=/opt/ros/humble /usr/bin/cmake /home/qwe/E7009_ws/src/E7009/robot_arm/robot_arm_driver -DCMAKE_INSTALL_PREFIX=/home/qwe/E7009_ws/src/E7009/robot_arm/robot_arm_driver/install/robot_arm_driver
[0.065s] -- The C compiler identification is GNU 11.4.0
[0.097s] -- The CXX compiler identification is GNU 11.4.0
[0.103s] -- Detecting C compiler ABI info
[0.144s] -- Detecting C compiler ABI info - done
[0.147s] -- Check for working C compiler: /usr/bin/cc - skipped
[0.147s] -- Detecting C compile features
[0.148s] -- Detecting C compile features - done
[0.149s] -- Detecting CXX compiler ABI info
[0.198s] -- Detecting CXX compiler ABI info - done
[0.201s] -- Check for working CXX compiler: /usr/bin/c++ - skipped
[0.201s] -- Detecting CXX compile features
[0.201s] -- Detecting CXX compile features - done
[0.203s] -- Found ament_cmake: 1.3.14 (/opt/ros/humble/share/ament_cmake/cmake)
[0.299s] -- Found Python3: /home/qwe/E7009_ws/.venv/bin/python3 (found version "3.10.12") found components: Interpreter 
[0.346s] -- Found rclcpp: 16.0.19 (/opt/ros/humble/share/rclcpp/cmake)
[0.367s] -- Found rosidl_generator_c: 3.1.8 (/opt/ros/humble/share/rosidl_generator_c/cmake)
[0.369s] -- Found rosidl_adapter: 3.1.8 (/opt/ros/humble/share/rosidl_adapter/cmake)
[0.373s] -- Found rosidl_generator_cpp: 3.1.8 (/opt/ros/humble/share/rosidl_generator_cpp/cmake)
[0.378s] -- Using all available rosidl_typesupport_c: rosidl_typesupport_fastrtps_c;rosidl_typesupport_introspection_c
[0.385s] -- Using all available rosidl_typesupport_cpp: rosidl_typesupport_fastrtps_cpp;rosidl_typesupport_introspection_cpp
[0.404s] -- Found rmw_implementation_cmake: 6.1.2 (/opt/ros/humble/share/rmw_implementation_cmake/cmake)
[0.406s] -- Found rmw_fastrtps_cpp: 6.2.10 (/opt/ros/humble/share/rmw_fastrtps_cpp/cmake)
[0.465s] -- Found OpenSSL: /usr/lib/x86_64-linux-gnu/libcrypto.so (found version "3.0.2")  
[0.481s] -- Found FastRTPS: /opt/ros/humble/include  
[0.506s] -- Using RMW implementation 'rmw_fastrtps_cpp' as default
[0.511s] -- Looking for pthread.h
[0.555s] -- Looking for pthread.h - found
[0.558s] -- Performing Test CMAKE_HAVE_LIBC_PTHREAD
[0.601s] -- Performing Test CMAKE_HAVE_LIBC_PTHREAD - Success
[0.601s] -- Found Threads: TRUE  
[0.623s] -- Found rclcpp_action: 16.0.19 (/opt/ros/humble/share/rclcpp_action/cmake)
[0.640s] -- Found std_srvs: 4.9.1 (/opt/ros/humble/share/std_srvs/cmake)
[0.644s] -- Found sensor_msgs: 4.9.1 (/opt/ros/humble/share/sensor_msgs/cmake)
[0.658s] -- Found diagnostic_msgs: 4.9.1 (/opt/ros/humble/share/diagnostic_msgs/cmake)
[0.664s] -- Found trajectory_msgs: 4.9.1 (/opt/ros/humble/share/trajectory_msgs/cmake)
[0.671s] -- Found control_msgs: 4.8.0 (/opt/ros/humble/share/control_msgs/cmake)
[0.718s] -- Configuring done
[0.725s] -- Generating done
[0.732s] -- Build files have been written to: /home/qwe/E7009_ws/src/E7009/robot_arm/robot_arm_driver/build/robot_arm_driver
[0.739s] Invoked command in '/home/qwe/E7009_ws/src/E7009/robot_arm/robot_arm_driver/build/robot_arm_driver' returned '0': CMAKE_PREFIX_PATH=/opt/ros/humble /usr/bin/cmake /home/qwe/E7009_ws/src/E7009/robot_arm/robot_arm_driver -DCMAKE_INSTALL_PREFIX=/home/qwe/E7009_ws/src/E7009/robot_arm/robot_arm_driver/install/robot_arm_driver
[0.739s] Invoking command in '/home/qwe/E7009_ws/src/E7009/robot_arm/robot_arm_driver/build/robot_arm_driver': CMAKE_PREFIX_PATH=/opt/ros/humble /usr/bin/cmake --build /home/qwe/E7009_ws/src/E7009/robot_arm/robot_arm_driver/build/robot_arm_driver -- -j24 -l24
[0.769s] [ 10%] Building CXX object CMakeFiles/canopen_motor_driver.dir/src/canopen_motor_driver.cpp.o
[0.943s] [ 20%] Linking CXX static library libcanopen_motor_driver.a
[0.963s] [ 20%] Built target canopen_motor_driver
[0.973s] [ 40%] Building CXX object CMakeFiles/arm_motor_node.dir/src/arm_motor_node.cpp.o
[0.973s] [ 40%] Building CXX object CMakeFiles/set_encoder_zero.dir/src/set_encoder_zero.cpp.o
[0.974s] [ 60%] Building CXX object CMakeFiles/arm_node.dir/src/arm_node.cpp.o
[0.974s] [ 60%] Building CXX object CMakeFiles/set_position_limit.dir/src/set_position_limit.cpp.o
[1.165s] [ 70%] Linking CXX executable set_encoder_zero
[1.172s] [ 80%] Linking CXX executable set_position_limit
[1.210s] [ 80%] Built target set_encoder_zero
[1.214s] [ 80%] Built target set_position_limit
[5.718s] [ 90%] Linking CXX executable arm_motor_node
[5.980s] [ 90%] Built target arm_motor_node
[5.983s] [100%] Linking CXX executable arm_node
[6.255s] [100%] Built target arm_node
[6.263s] Invoked command in '/home/qwe/E7009_ws/src/E7009/robot_arm/robot_arm_driver/build/robot_arm_driver' returned '0': CMAKE_PREFIX_PATH=/opt/ros/humble /usr/bin/cmake --build /home/qwe/E7009_ws/src/E7009/robot_arm/robot_arm_driver/build/robot_arm_driver -- -j24 -l24
[6.267s] Invoking command in '/home/qwe/E7009_ws/src/E7009/robot_arm/robot_arm_driver/build/robot_arm_driver': CMAKE_PREFIX_PATH=/opt/ros/humble /usr/bin/cmake --install /home/qwe/E7009_ws/src/E7009/robot_arm/robot_arm_driver/build/robot_arm_driver
[6.270s] -- Install configuration: ""
[6.270s] -- Installing: /home/qwe/E7009_ws/src/E7009/robot_arm/robot_arm_driver/install/robot_arm_driver/lib/robot_arm_driver/arm_motor_node
[6.273s] -- Set runtime path of "/home/qwe/E7009_ws/src/E7009/robot_arm/robot_arm_driver/install/robot_arm_driver/lib/robot_arm_driver/arm_motor_node" to ""
[6.273s] -- Installing: /home/qwe/E7009_ws/src/E7009/robot_arm/robot_arm_driver/install/robot_arm_driver/lib/robot_arm_driver/arm_node
[6.274s] -- Set runtime path of "/home/qwe/E7009_ws/src/E7009/robot_arm/robot_arm_driver/install/robot_arm_driver/lib/robot_arm_driver/arm_node" to ""
[6.275s] -- Installing: /home/qwe/E7009_ws/src/E7009/robot_arm/robot_arm_driver/install/robot_arm_driver/lib/robot_arm_driver/set_encoder_zero
[6.275s] -- Installing: /home/qwe/E7009_ws/src/E7009/robot_arm/robot_arm_driver/install/robot_arm_driver/lib/robot_arm_driver/set_position_limit
[6.275s] -- Installing: /home/qwe/E7009_ws/src/E7009/robot_arm/robot_arm_driver/install/robot_arm_driver/lib/robot_arm_driver/motor_test_gui
[6.275s] -- Installing: /home/qwe/E7009_ws/src/E7009/robot_arm/robot_arm_driver/install/robot_arm_driver/lib/robot_arm_driver/motor_state_control_gui
[6.275s] -- Installing: /home/qwe/E7009_ws/src/E7009/robot_arm/robot_arm_driver/install/robot_arm_driver/share/robot_arm_driver/config
[6.275s] -- Installing: /home/qwe/E7009_ws/src/E7009/robot_arm/robot_arm_driver/install/robot_arm_driver/share/robot_arm_driver/config/motors.yaml
[6.275s] -- Installing: /home/qwe/E7009_ws/src/E7009/robot_arm/robot_arm_driver/install/robot_arm_driver/share/robot_arm_driver/config/arm.yaml
[6.275s] -- Installing: /home/qwe/E7009_ws/src/E7009/robot_arm/robot_arm_driver/install/robot_arm_driver/share/ament_index/resource_index/package_run_dependencies/robot_arm_driver
[6.275s] -- Installing: /home/qwe/E7009_ws/src/E7009/robot_arm/robot_arm_driver/install/robot_arm_driver/share/ament_index/resource_index/parent_prefix_path/robot_arm_driver
[6.275s] -- Installing: /home/qwe/E7009_ws/src/E7009/robot_arm/robot_arm_driver/install/robot_arm_driver/share/robot_arm_driver/environment/ament_prefix_path.sh
[6.275s] -- Installing: /home/qwe/E7009_ws/src/E7009/robot_arm/robot_arm_driver/install/robot_arm_driver/share/robot_arm_driver/environment/ament_prefix_path.dsv
[6.275s] -- Installing: /home/qwe/E7009_ws/src/E7009/robot_arm/robot_arm_driver/install/robot_arm_driver/share/robot_arm_driver/environment/path.sh
[6.275s] -- Installing: /home/qwe/E7009_ws/src/E7009/robot_arm/robot_arm_driver/install/robot_arm_driver/share/robot_arm_driver/environment/path.dsv
[6.275s] -- Installing: /home/qwe/E7009_ws/src/E7009/robot_arm/robot_arm_driver/install/robot_arm_driver/share/robot_arm_driver/local_setup.bash
[6.275s] -- Installing: /home/qwe/E7009_ws/src/E7009/robot_arm/robot_arm_driver/install/robot_arm_driver/share/robot_arm_driver/local_setup.sh
[6.275s] -- Installing: /home/qwe/E7009_ws/src/E7009/robot_arm/robot_arm_driver/install/robot_arm_driver/share/robot_arm_driver/local_setup.zsh
[6.276s] -- Installing: /home/qwe/E7009_ws/src/E7009/robot_arm/robot_arm_driver/install/robot_arm_driver/share/robot_arm_driver/local_setup.dsv
[6.276s] -- Installing: /home/qwe/E7009_ws/src/E7009/robot_arm/robot_arm_driver/install/robot_arm_driver/share/robot_arm_driver/package.dsv
[6.276s] -- Installing: /home/qwe/E7009_ws/src/E7009/robot_arm/robot_arm_driver/install/robot_arm_driver/share/ament_index/resource_index/packages/robot_arm_driver
[6.276s] -- Installing: /home/qwe/E7009_ws/src/E7009/robot_arm/robot_arm_driver/install/robot_arm_driver/share/robot_arm_driver/cmake/robot_arm_driverConfig.cmake
[6.276s] -- Installing: /home/qwe/E7009_ws/src/E7009/robot_arm/robot_arm_driver/install/robot_arm_driver/share/robot_arm_driver/cmake/robot_arm_driverConfig-version.cmake
[6.276s] -- Installing: /home/qwe/E7009_ws/src/E7009/robot_arm/robot_arm_driver/install/robot_arm_driver/share/robot_arm_driver/package.xml
[6.276s] Invoked command in '/home/qwe/E7009_ws/src/E7009/robot_arm/robot_arm_driver/build/robot_arm_driver' returned '0': CMAKE_PREFIX_PATH=/opt/ros/humble /usr/bin/cmake --install /home/qwe/E7009_ws/src/E7009/robot_arm/robot_arm_driver/build/robot_arm_driver
